// Jest Snapshot v1, https://goo.gl/fbAQLP

exports[`Footer behaviour should pass a selected value to the onClick handler 1`] = `<component />`;
