// Jest Snapshot v1, https://goo.gl/fbAQLP

exports[`SlidingPanel Component Rendering Should render something even if NO props are received 1`] = `
<div
  className="right"
  id="sliding-pannel"
>
  <div
    className="trigger"
  >
    <i
      className="pin icon"
    />
  </div>
  <div
    id="sliding-panel-content"
  />
</div>
`;

exports[`SlidingPanel Component Rendering Should render something if it receives props 1`] = `
<div
  className="right"
  id="sliding-pannel"
>
  <div
    className="trigger"
  >
    <i
      className="pin icon"
    />
  </div>
  <div
    id="sliding-panel-content"
  />
</div>
`;

exports[`SlidingPanel behaviour should pass a selected value to the onClick handler 1`] = `
<component
  onClick={[Function]}
/>
`;
