// Jest Snapshot v1, https://goo.gl/fbAQLP

exports[`Page Component Rendering Should render something even if NO props are received 1`] = `
<div
  id={undefined}
>
  <div
    className="page-header"
  >
    <span
      className="page-title"
    />
    <span
      className="page-subtitle"
    />
  </div>
  <div
    className="page-content"
  />
</div>
`;

exports[`Page Component Rendering Should render something if it receives props 1`] = `
<div
  id={undefined}
>
  <div
    className="page-header"
  >
    <span
      className="page-title"
    />
    <span
      className="page-subtitle"
    />
  </div>
  <div
    className="page-content"
  />
</div>
`;

exports[`Page behaviour should pass a selected value to the onClick handler 1`] = `
<component
  onClick={[Function]}
/>
`;
